// Jest Snapshot v1, https://goo.gl/fbAQLP

exports[`snapshop 1`] = `
Object {
  "date": "2012-12-12T08:00:00.000Z",
  "taxYear": 2012,
}
`;
